Looking in indexes: https://pypi.org/simple, https://d33sy5i8bnduwe.cloudfront.net/simple/
Requirement already satisfied: annotated-types==0.8.0 in /root/.venv/lib/python3.11/site-packages (from -r requirements.txt (line 1)) (0.8.0)
Requirement already satisfied: anyio==4.15.1 in /root/.venv/lib/python3.11/site-packages (from -r requirements.txt (line 2)) (4.15.1)
Requirement already satisfied: bcrypt==4.1.3 in /root/.venv/lib/python3.11/site-packages (from -r requirements.txt (line 3)) (4.1.3)
Collecting bleach==6.4.0 (from -r requirements.txt (line 4))
  Downloading bleach-6.4.0-py3-none-any.whl.metadata (32 kB)
Requirement already satisfied: certifi==2026.7.22 in /root/.venv/lib/python3.11/site-packages (from -r requirements.txt (line 5)) (2026.7.22)
Requirement already satisfied: charset-normalizer==3.5.2 in /root/.venv/lib/python3.11/site-packages (from -r requirements.txt (line 6)) (3.5.2)
Requirement already satisfied: click==8.5.0 in /root/.venv/lib/python3.11/site-packages (from -r requirements.txt (line 7)) (8.5.0)
Collecting cloudinary==1.46.2 (from -r requirements.txt (line 8))
  Downloading cloudinary-1.46.2-py3-none-any.whl.metadata (10 kB)
Requirement already satisfied: dnspython==2.8.0 in /root/.venv/lib/python3.11/site-packages (from -r requirements.txt (line 9)) (2.8.0)
Requirement already satisfied: email-validator==2.3.0 in /root/.venv/lib/python3.11/site-packages (from -r requirements.txt (line 10)) (2.3.0)
Collecting et_xmlfile==2.0.0 (from -r requirements.txt (line 11))
  Downloading et_xmlfile-2.0.0-py3-none-any.whl.metadata (2.7 kB)
Requirement already satisfied: fastapi==0.110.1 in /root/.venv/lib/python3.11/site-packages (from -r requirements.txt (line 12)) (0.110.1)
Requirement already satisfied: h11==0.16.0 in /root/.venv/lib/python3.11/site-packages (from -r requirements.txt (line 13)) (0.16.0)
Requirement already satisfied: httpcore==1.0.9 in /root/.venv/lib/python3.11/site-packages (from -r requirements.txt (line 14)) (1.0.9)
Requirement already satisfied: httpx==0.28.1 in /root/.venv/lib/python3.11/site-packages (from -r requirements.txt (line 15)) (0.28.1)
Requirement already satisfied: idna==3.20 in /root/.venv/lib/python3.11/site-packages (from -r requirements.txt (line 16)) (3.20)
Requirement already satisfied: motor==3.3.1 in /root/.venv/lib/python3.11/site-packages (from -r requirements.txt (line 17)) (3.3.1)
Collecting openpyxl==3.1.5 (from -r requirements.txt (line 18))
  Downloading openpyxl-3.1.5-py2.py3-none-any.whl.metadata (2.5 kB)
Requirement already satisfied: pydantic==2.13.5 in /root/.venv/lib/python3.11/site-packages (from -r requirements.txt (line 19)) (2.13.5)
Requirement already satisfied: pydantic_core==2.46.5 in /root/.venv/lib/python3.11/site-packages (from -r requirements.txt (line 20)) (2.46.5)
Requirement already satisfied: PyJWT==2.15.1 in /root/.venv/lib/python3.11/site-packages (from -r requirements.txt (line 21)) (2.15.1)
Requirement already satisfied: pymongo==4.6.3 in /root/.venv/lib/python3.11/site-packages (from -r requirements.txt (line 22)) (4.6.3)
Requirement already satisfied: python-dateutil==2.9.0.post0 in /root/.venv/lib/python3.11/site-packages (from -r requirements.txt (line 23)) (2.9.0.post0)
Requirement already satisfied: python-dotenv==1.2.4 in /root/.venv/lib/python3.11/site-packages (from -r requirements.txt (line 24)) (1.2.4)
Requirement already satisfied: python-multipart==0.0.32 in /root/.venv/lib/python3.11/site-packages (from -r requirements.txt (line 25)) (0.0.32)
Requirement already satisfied: requests==2.34.2 in /root/.venv/lib/python3.11/site-packages (from -r requirements.txt (line 26)) (2.34.2)
Requirement already satisfied: six==1.17.0 in /root/.venv/lib/python3.11/site-packages (from -r requirements.txt (line 27)) (1.17.0)
Requirement already satisfied: starlette==0.37.2 in /root/.venv/lib/python3.11/site-packages (from -r requirements.txt (line 28)) (0.37.2)
Requirement already satisfied: typing-inspection==0.4.4 in /root/.venv/lib/python3.11/site-packages (from -r requirements.txt (line 29)) (0.4.4)
Requirement already satisfied: typing_extensions==4.16.0 in /root/.venv/lib/python3.11/site-packages (from -r requirements.txt (line 30)) (4.16.0)
Requirement already satisfied: urllib3==2.8.0 in /root/.venv/lib/python3.11/site-packages (from -r requirements.txt (line 31)) (2.8.0)
Requirement already satisfied: uvicorn==0.25.0 in /root/.venv/lib/python3.11/site-packages (from -r requirements.txt (line 32)) (0.25.0)
Collecting webencodings==0.6.1 (from -r requirements.txt (line 33))
  Downloading webencodings-0.6.1-py3-none-any.whl.metadata (3.4 kB)
Downloading bleach-6.4.0-py3-none-any.whl (165 kB)
Downloading cloudinary-1.46.2-py3-none-any.whl (192 kB)
Downloading et_xmlfile-2.0.0-py3-none-any.whl (18 kB)
Downloading openpyxl-3.1.5-py2.py3-none-any.whl (250 kB)
Downloading webencodings-0.6.1-py3-none-any.whl (8.7 kB)
Installing collected packages: webencodings, et_xmlfile, cloudinary, openpyxl, bleach

Successfully installed bleach-6.4.0 cloudinary-1.46.2 et_xmlfile-2.0.0 openpyxl-3.1.5 webencodings-0.6.1
